// Jest Snapshot v1, https://goo.gl/fbAQLP

exports[`ScanDownload Component should render a connected component: connected 1`] = `
<ScanDownload
  downloadId={1}
  downloadName={null}
  getReportsDownload={[Function]}
>
  <Icon
    name="export"
    type="pf"
  />
</ScanDownload>
`;

exports[`ScanDownload Component should render a non-connected component: non-connected 1`] = `
<span>
  <button
    class="btn btn-link"
    id="generatedid-"
    title="Download"
    type="button"
  >
    <span
      aria-hidden="true"
      class="pficon pficon-export"
    />
  </button>
</span>
`;
