// Jest Snapshot v1, https://goo.gl/fbAQLP

exports[`TableHelpers parseContent should return a consistent output from multiple types: multiple types 1`] = `
Object {
  "func": "lorem ipsum",
  "node": <React.Fragment>
    dolor sit
  </React.Fragment>,
  "null": "null",
  "obj": "[object Object]",
  "undefined": "",
}
`;

exports[`TableHelpers should have specific functions: tableHelpers 1`] = `
Object {
  "parseContent": [Function],
  "tableHeader": [Function],
  "tableRows": [Function],
}
`;

exports[`TableHelpers tableHeader should return parsed table header settings, props: tableHeader 1`] = `
Object {
  "basic": Object {
    "headerRow": Array [],
    "headerSelectProps": Object {},
  },
  "columnHeaders": Object {
    "headerRow": Array [
      Object {
        "content": "lorem",
        "key": "89b19471ff19cc8d8066c77e8852217230885f4a-0",
      },
      Object {
        "content": "dolor",
        "data": Object {},
        "key": "804ac11d3a2a349ce2286df5c3cbed7dbe6f0058-1",
        "props": Object {
          "dataLabel": undefined,
          "info": undefined,
          "tooltip": undefined,
        },
      },
      Object {
        "content": "hello world",
        "key": "9088e29b8b4697cbb109c3a9b3a8af0c17f5cd2a-2",
      },
      Object {
        "content": <React.Fragment>
          hello world
        </React.Fragment>,
        "key": "86ae943453d2addb592f1b433fb763955995beee-3",
      },
    ],
    "headerSelectProps": Object {},
  },
  "isAllSelected": Object {
    "headerRow": Array [],
    "headerSelectProps": Object {},
  },
  "isRowExpand": Object {
    "headerRow": Array [
      Object {
        "content": "lorem",
        "key": "89b19471ff19cc8d8066c77e8852217230885f4a-0",
      },
      Object {
        "content": "dolor",
        "data": Object {},
        "key": "9039442ff20f74a75c76324c60e56488acfb868e-1",
        "props": Object {
          "dataLabel": undefined,
          "info": undefined,
          "sort": Object {
            "columnIndex": 2,
            "onSort": [Function],
            "sortBy": Object {
              "direction": "asc",
            },
          },
          "tooltip": undefined,
        },
      },
      Object {
        "content": "hello world",
        "key": "9088e29b8b4697cbb109c3a9b3a8af0c17f5cd2a-2",
      },
    ],
    "headerSelectProps": Object {},
  },
  "onSelect": Object {
    "headerRow": Array [
      Object {
        "content": "lorem",
        "key": "89b19471ff19cc8d8066c77e8852217230885f4a-0",
      },
      Object {
        "content": "dolor",
        "data": Object {},
        "key": "804ac11d3a2a349ce2286df5c3cbed7dbe6f0058-1",
        "props": Object {
          "dataLabel": undefined,
          "info": undefined,
          "tooltip": undefined,
        },
      },
      Object {
        "content": "hello world",
        "key": "9088e29b8b4697cbb109c3a9b3a8af0c17f5cd2a-2",
      },
    ],
    "headerSelectProps": Object {
      "isSelected": false,
      "onSelect": [Function],
    },
  },
  "onSort": Object {
    "headerRow": Array [
      Object {
        "content": "lorem",
        "key": "89b19471ff19cc8d8066c77e8852217230885f4a-0",
      },
      Object {
        "content": "dolor",
        "data": Object {},
        "key": "9039442ff20f74a75c76324c60e56488acfb868e-1",
        "props": Object {
          "dataLabel": undefined,
          "info": undefined,
          "sort": Object {
            "columnIndex": 1,
            "onSort": [Function],
            "sortBy": Object {
              "direction": "asc",
            },
          },
          "tooltip": undefined,
        },
      },
      Object {
        "content": "hello world",
        "key": "9088e29b8b4697cbb109c3a9b3a8af0c17f5cd2a-2",
      },
    ],
    "headerSelectProps": Object {},
  },
}
`;

exports[`TableHelpers tableRows should return parsed table body settings, props: tableRows 1`] = `
Object {
  "basic": Object {
    "isAllSelected": true,
    "isExpandableCell": false,
    "isExpandableRow": false,
    "isSelectTable": false,
    "rows": Array [],
  },
  "onExpandCells": Object {
    "isAllSelected": false,
    "isExpandableCell": true,
    "isExpandableRow": false,
    "isSelectTable": false,
    "rows": Array [
      Object {
        "cells": Array [
          Object {
            "content": "lorem",
            "key": "89b19471ff19cc8d8066c77e8852217230885f4a-0-0",
          },
        ],
        "data": Object {},
        "expand": undefined,
        "expandedContent": undefined,
        "key": "c44f28dc067e1ec7884b5b3246d73f832c5d125e-0",
        "rowIndex": 0,
        "select": undefined,
      },
      Object {
        "cells": Array [
          Object {
            "content": "dolor",
            "expandedContent": "sit",
            "isExpanded": true,
            "key": "4344b47c1a623de33f0828f78cafde3e91760c5c-1-0",
            "props": Object {
              "className": "",
              "compoundExpand": Object {
                "isExpanded": true,
                "onToggle": [Function],
              },
              "dataLabel": undefined,
              "isActionCell": undefined,
              "noPadding": undefined,
              "style": Object {},
            },
          },
        ],
        "data": Object {},
        "expand": undefined,
        "expandedContent": undefined,
        "key": "510fc22409803b69e60875c126ef8975f44887f5-1",
        "rowIndex": 1,
        "select": undefined,
      },
      Object {
        "cells": Array [
          Object {
            "content": "hello world",
            "key": "9088e29b8b4697cbb109c3a9b3a8af0c17f5cd2a-2-0",
          },
        ],
        "data": Object {},
        "expand": undefined,
        "expandedContent": undefined,
        "key": "18ad6e96ec6041b147730f2220a86a6e48760dc8-2",
        "rowIndex": 2,
        "select": undefined,
      },
      Object {
        "cells": Array [
          Object {
            "content": <React.Fragment>
              hello world
            </React.Fragment>,
            "key": "86ae943453d2addb592f1b433fb763955995beee-3-0",
          },
        ],
        "data": Object {},
        "expand": undefined,
        "expandedContent": undefined,
        "key": "1a4e9f66771e4cd146e82fbcc377d7654a9664cf-3",
        "rowIndex": 3,
        "select": undefined,
      },
    ],
  },
  "onExpandRows": Object {
    "isAllSelected": false,
    "isExpandableCell": false,
    "isExpandableRow": true,
    "isSelectTable": false,
    "rows": Array [
      Object {
        "cells": Array [
          Object {
            "content": "lorem",
            "key": "89b19471ff19cc8d8066c77e8852217230885f4a-0-0",
          },
        ],
        "data": Object {},
        "expand": Object {
          "isExpanded": true,
          "onToggle": [Function],
          "rowIndex": 0,
        },
        "expandedContent": "ipsum",
        "key": "c44f28dc067e1ec7884b5b3246d73f832c5d125e-0",
        "rowIndex": 0,
        "select": undefined,
      },
      Object {
        "cells": Array [
          Object {
            "content": "dolor",
            "key": "804ac11d3a2a349ce2286df5c3cbed7dbe6f0058-1-0",
            "props": Object {
              "className": "",
              "dataLabel": undefined,
              "isActionCell": undefined,
              "noPadding": undefined,
              "style": Object {},
            },
          },
        ],
        "data": Object {},
        "expand": undefined,
        "expandedContent": undefined,
        "key": "8f1e0ff0fb957fd217c70f1f8ed7121ae44796e0-1",
        "rowIndex": 1,
        "select": undefined,
      },
      Object {
        "cells": Array [
          Object {
            "content": "hello world",
            "key": "9088e29b8b4697cbb109c3a9b3a8af0c17f5cd2a-2-0",
          },
        ],
        "data": Object {},
        "expand": undefined,
        "expandedContent": undefined,
        "key": "18ad6e96ec6041b147730f2220a86a6e48760dc8-2",
        "rowIndex": 2,
        "select": undefined,
      },
      Object {
        "cells": Array [
          Object {
            "content": <React.Fragment>
              hello world
            </React.Fragment>,
            "key": "86ae943453d2addb592f1b433fb763955995beee-3-0",
          },
        ],
        "data": Object {},
        "expand": undefined,
        "expandedContent": undefined,
        "key": "1a4e9f66771e4cd146e82fbcc377d7654a9664cf-3",
        "rowIndex": 3,
        "select": undefined,
      },
    ],
  },
  "onSelect": Object {
    "isAllSelected": false,
    "isExpandableCell": false,
    "isExpandableRow": false,
    "isSelectTable": true,
    "rows": Array [
      Object {
        "cells": Array [
          Object {
            "content": "lorem",
            "key": "89b19471ff19cc8d8066c77e8852217230885f4a-0-0",
          },
        ],
        "data": Object {},
        "expand": undefined,
        "expandedContent": undefined,
        "key": "c44f28dc067e1ec7884b5b3246d73f832c5d125e-0",
        "rowIndex": 0,
        "select": Object {
          "cells": Array [
            "lorem",
          ],
          "disable": false,
          "isSelected": true,
          "onSelect": [Function],
          "rowIndex": 0,
        },
      },
      Object {
        "cells": Array [
          Object {
            "content": "dolor",
            "key": "804ac11d3a2a349ce2286df5c3cbed7dbe6f0058-1-0",
            "props": Object {
              "className": "",
              "dataLabel": undefined,
              "isActionCell": undefined,
              "noPadding": undefined,
              "style": Object {},
            },
          },
        ],
        "data": Object {},
        "expand": undefined,
        "expandedContent": undefined,
        "key": "8f1e0ff0fb957fd217c70f1f8ed7121ae44796e0-1",
        "rowIndex": 1,
        "select": Object {
          "cells": Array [
            Object {
              "content": "dolor",
            },
          ],
          "disable": true,
          "isSelected": false,
          "onSelect": [Function],
          "rowIndex": 1,
        },
      },
      Object {
        "cells": Array [
          Object {
            "content": "hello world",
            "key": "9088e29b8b4697cbb109c3a9b3a8af0c17f5cd2a-2-0",
          },
        ],
        "data": Object {},
        "expand": undefined,
        "expandedContent": undefined,
        "key": "18ad6e96ec6041b147730f2220a86a6e48760dc8-2",
        "rowIndex": 2,
        "select": Object {
          "cells": Array [
            [Function],
          ],
          "disable": false,
          "isSelected": false,
          "onSelect": [Function],
          "rowIndex": 2,
        },
      },
      Object {
        "cells": Array [
          Object {
            "content": <React.Fragment>
              hello world
            </React.Fragment>,
            "key": "86ae943453d2addb592f1b433fb763955995beee-3-0",
          },
        ],
        "data": Object {},
        "expand": undefined,
        "expandedContent": undefined,
        "key": "1a4e9f66771e4cd146e82fbcc377d7654a9664cf-3",
        "rowIndex": 3,
        "select": Object {
          "cells": Array [
            <React.Fragment>
              hello world
            </React.Fragment>,
          ],
          "disable": false,
          "isSelected": false,
          "onSelect": [Function],
          "rowIndex": 3,
        },
      },
    ],
  },
  "rows": Object {
    "isAllSelected": false,
    "isExpandableCell": false,
    "isExpandableRow": false,
    "isSelectTable": false,
    "rows": Array [
      Object {
        "cells": Array [
          Object {
            "content": "lorem",
            "key": "89b19471ff19cc8d8066c77e8852217230885f4a-0-0",
          },
        ],
        "data": Object {},
        "expand": undefined,
        "expandedContent": undefined,
        "key": "c44f28dc067e1ec7884b5b3246d73f832c5d125e-0",
        "rowIndex": 0,
        "select": undefined,
      },
      Object {
        "cells": Array [
          Object {
            "content": "dolor",
            "key": "804ac11d3a2a349ce2286df5c3cbed7dbe6f0058-1-0",
            "props": Object {
              "className": "",
              "dataLabel": undefined,
              "isActionCell": undefined,
              "noPadding": undefined,
              "style": Object {},
            },
          },
        ],
        "data": Object {},
        "expand": undefined,
        "expandedContent": undefined,
        "key": "8f1e0ff0fb957fd217c70f1f8ed7121ae44796e0-1",
        "rowIndex": 1,
        "select": undefined,
      },
      Object {
        "cells": Array [
          Object {
            "content": "hello world",
            "key": "9088e29b8b4697cbb109c3a9b3a8af0c17f5cd2a-2-0",
          },
        ],
        "data": Object {},
        "expand": undefined,
        "expandedContent": undefined,
        "key": "18ad6e96ec6041b147730f2220a86a6e48760dc8-2",
        "rowIndex": 2,
        "select": undefined,
      },
      Object {
        "cells": Array [
          Object {
            "content": <React.Fragment>
              hello world
            </React.Fragment>,
            "key": "86ae943453d2addb592f1b433fb763955995beee-3-0",
          },
        ],
        "data": Object {},
        "expand": undefined,
        "expandedContent": undefined,
        "key": "1a4e9f66771e4cd146e82fbcc377d7654a9664cf-3",
        "rowIndex": 3,
        "select": undefined,
      },
    ],
  },
  "styling": Object {
    "isAllSelected": false,
    "isExpandableCell": false,
    "isExpandableRow": false,
    "isSelectTable": false,
    "rows": Array [
      Object {
        "cells": Array [
          Object {
            "content": "lorem",
            "key": "fe2c20d8a47127c419e82457fedf2347a1531ac7-0-0",
            "props": Object {
              "className": "",
              "dataLabel": undefined,
              "isActionCell": undefined,
              "noPadding": undefined,
              "style": Object {
                "width": "9px",
              },
            },
          },
        ],
        "data": Object {},
        "expand": undefined,
        "expandedContent": undefined,
        "key": "fef89653e756e3c5ea14dae17d32632dadcbd44d-0",
        "rowIndex": 0,
        "select": undefined,
      },
      Object {
        "cells": Array [
          Object {
            "content": "dolor",
            "key": "bfdc2e6560dbd7e18493cfcd32345110f2abf428-1-0",
            "props": Object {
              "className": "",
              "dataLabel": undefined,
              "isActionCell": undefined,
              "noPadding": undefined,
              "style": Object {
                "backgroundColor": "red",
                "width": "50em",
              },
            },
          },
        ],
        "data": Object {},
        "expand": undefined,
        "expandedContent": undefined,
        "key": "826e63ebd11ae382a7b9c4147a247a6fb558195f-1",
        "rowIndex": 1,
        "select": undefined,
      },
      Object {
        "cells": Array [
          Object {
            "content": "hello world",
            "key": "d4a0fb7d8327deee3023cee2ae6361a2b37f6826-2-0",
            "props": Object {
              "className": " pf-m-width-1",
              "dataLabel": undefined,
              "isActionCell": undefined,
              "noPadding": undefined,
              "style": Object {},
            },
          },
        ],
        "data": Object {},
        "expand": undefined,
        "expandedContent": undefined,
        "key": "3cea7d6112bf3f4c160acf9fbf8628dfc10ff398-2",
        "rowIndex": 2,
        "select": undefined,
      },
      Object {
        "cells": Array [
          Object {
            "content": <React.Fragment>
              hello world
            </React.Fragment>,
            "key": "c0e6482777d36fa10b6a7eaecd5875893e8d9224-3-0",
            "props": Object {
              "className": " pf-m-width-11",
              "dataLabel": undefined,
              "isActionCell": undefined,
              "noPadding": undefined,
              "style": Object {},
            },
          },
        ],
        "data": Object {},
        "expand": undefined,
        "expandedContent": undefined,
        "key": "db6b62d2d0725a3097d3057636d139d61a0806de-3",
        "rowIndex": 3,
        "select": undefined,
      },
    ],
  },
}
`;
